
Memory Configuration

Name             Origin             Length             Attributes
flash            0x08000000         0x00020000         xr
sram             0x20000000         0x00005000         xrw
*default*        0x00000000         0xffffffff

Linker script and memory map


.text           0x08000000      0x1a8
 *(.vectors)
 .vectors       0x08000000       0x18 startup.o
                0x08000000                vectors
 *(.text*)
 .text          0x08000018       0x90 startup.o
                0x08000018                H_Fault_Handler
                0x08000018                Usage_Fault_Handler
                0x08000018                Bus_Fault
                0x08000018                Default_Handler
                0x08000018                NMI_Handler
                0x08000024                Reset_Handler
 .text          0x080000a8       0x3c main.o
                0x080000a8                main
 .text          0x080000e4       0xc4 driver.o
                0x080000e4                Delay
                0x08000104                getPressureVal
                0x0800011c                Set_Alarm_actuator
                0x08000158                GPIO_INITIALIZATION
 *(.rodata*)
                0x080001a8                _E_TEXT = .

.glue_7         0x080001a8        0x0
 .glue_7        0x080001a8        0x0 linker stubs

.glue_7t        0x080001a8        0x0
 .glue_7t       0x080001a8        0x0 linker stubs

.vfp11_veneer   0x080001a8        0x0
 .vfp11_veneer  0x080001a8        0x0 linker stubs

.v4_bx          0x080001a8        0x0
 .v4_bx         0x080001a8        0x0 linker stubs

.iplt           0x080001a8        0x0
 .iplt          0x080001a8        0x0 startup.o

.rel.dyn        0x080001a8        0x0
 .rel.iplt      0x080001a8        0x0 startup.o

.data           0x20000000        0x0 load address 0x080001a8
                0x20000000                _S_DATA = .
 *(.data*)
 .data          0x20000000        0x0 startup.o
 .data          0x20000000        0x0 main.o
 .data          0x20000000        0x0 driver.o
                0x20000000                . = ALIGN (0x4)
                0x20000000                _E_DATA = .

.igot.plt       0x20000000        0x0 load address 0x080001a8
 .igot.plt      0x20000000        0x0 startup.o

.bss            0x20000000        0x4 load address 0x080001a8
                0x20000000                _S_BSS = .
 *(.bss*)
 .bss           0x20000000        0x0 startup.o
 .bss           0x20000000        0x4 main.o
                0x20000000                pressure
 .bss           0x20000004        0x0 driver.o
 *(COMMON)
                0x20000004                _E_BSS = .
                0x20000004                . = ALIGN (0x4)

.stack          0x20000004     0x1000 load address 0x080001ac
                0x20000004                . = ALIGN (0x4)
                0x20000004                _stack_top = .
                0x20001004                . = (. + 0x1000)
 *fill*         0x20000004     0x1000 
                0x20001004                _stack_end = .
LOAD startup.o
LOAD main.o
LOAD driver.o
OUTPUT(Pressure_Sensor_Project.elf elf32-littlearm)

.debug_info     0x00000000     0x152b
 .debug_info    0x00000000      0x181 startup.o
 .debug_info    0x00000181      0x9a5 main.o
 .debug_info    0x00000b26      0xa05 driver.o

.debug_abbrev   0x00000000      0x442
 .debug_abbrev  0x00000000       0xd4 startup.o
 .debug_abbrev  0x000000d4      0x190 main.o
 .debug_abbrev  0x00000264      0x1de driver.o

.debug_loc      0x00000000      0x1e8
 .debug_loc     0x00000000       0x7c startup.o
 .debug_loc     0x0000007c       0x2c main.o
 .debug_loc     0x000000a8      0x140 driver.o

.debug_aranges  0x00000000       0x60
 .debug_aranges
                0x00000000       0x20 startup.o
 .debug_aranges
                0x00000020       0x20 main.o
 .debug_aranges
                0x00000040       0x20 driver.o

.debug_line     0x00000000      0x41a
 .debug_line    0x00000000      0x13e startup.o
 .debug_line    0x0000013e      0x123 main.o
 .debug_line    0x00000261      0x1b9 driver.o

.debug_str      0x00000000      0x57b
 .debug_str     0x00000000      0x157 startup.o
                                0x194 (size before relaxing)
 .debug_str     0x00000157      0x3d8 main.o
                                0x517 (size before relaxing)
 .debug_str     0x0000052f       0x4c driver.o
                                0x562 (size before relaxing)

.comment        0x00000000       0x7e
 .comment       0x00000000       0x7e startup.o
                                 0x7f (size before relaxing)
 .comment       0x0000007e       0x7f main.o
 .comment       0x0000007e       0x7f driver.o

.ARM.attributes
                0x00000000       0x33
 .ARM.attributes
                0x00000000       0x33 startup.o
 .ARM.attributes
                0x00000033       0x33 main.o
 .ARM.attributes
                0x00000066       0x33 driver.o

.debug_frame    0x00000000      0x11c
 .debug_frame   0x00000000       0x50 startup.o
 .debug_frame   0x00000050       0x2c main.o
 .debug_frame   0x0000007c       0xa0 driver.o
